// Jest Snapshot v1, https://goo.gl/fbAQLP

exports[`basic spec should create a component with a global state 1`] = `
<App>
  <StateProvider>
    <StateProvider>
      <div>
        <TextBox>
          <StateConsumer
            name="counter1"
          >
            <div>
              <span>
                0
              </span>
              <button
                onClick={[Function]}
                type="button"
              >
                +1
              </button>
            </div>
          </StateConsumer>
        </TextBox>
      </div>
    </StateProvider>
  </StateProvider>
</App>
`;

exports[`basic spec should create a component with a global state 2`] = `
<App>
  <StateProvider>
    <StateProvider>
      <div>
        <TextBox>
          <StateConsumer
            name="counter1"
          >
            <div>
              <span>
                1
              </span>
              <button
                onClick={[Function]}
                type="button"
              >
                +1
              </button>
            </div>
          </StateConsumer>
        </TextBox>
      </div>
    </StateProvider>
  </StateProvider>
</App>
`;
